[audio]   ✅ 组0 双人入房 OK（房间 B7E2B）
[audio]   ✅ 组1 BGM 默认开（{"ls":null,"label":"🎵 背景音乐","guide":"背景音乐：开"}）
[audio]   ✅ 组1 首次手势后自动出声并缓入到默认音量（ctx=running, gain=0.9）
[audio]   ✅ 组1 默认音量 90%（vol=0.9, slider=90）
[audio]   ✅ 组1 音量滑杆改到 30% 并持久化（{"vol":0.3,"ls":"0.3","label":"30%"}）
[audio]   ✅ 组1 播放中调音量即时生效（gain=0.3）
[audio]   ✅ 组1 关闭后停播并持久化（{"on":false,"ls":"off","playing":false,"label":"🔇 背景音乐"}）
[audio]   ✅ 组1 指南弹层开关同步标签（{"on":true,"guide":"背景音乐：开"}）
[audio]   ✅ 组2 tap/draw/spark 音效不抛错（true）
[audio]   ✅ 组2b 空闲时两条总线都满音量（music=0.2, sfx=0.2）
[audio]   ✅ 组2b 广播时只压音乐到 14%（music=0.028, sfx=0.2）
[audio]   ✅ 组2b 仅收听（有链路）时压到 50%（music=0.1, sfx=0.2）
[audio]   ✅ 组2b 无人说话时不无端压低（music=0.2）
[audio]   ✅ 组2b 关掉自动压低后广播也满音量（{"pref":false,"ls":"0","music":0.2}）
[audio]   ✅ 组2b 复原自动压低设置（{"pref":true,"ls":"1","gain":0.2}）
[audio]   ✅ 组3 选卡（抽卡）按下回弹 + 涟漪（{"tapped":true,"rings":1}）
[audio]   ✅ 组3 翻牌卡按下回弹 + 涟漪（{"tapped":true,"rings":2}）
[audio]   ✅ 组3 翻牌扫光元素生成（1）
[audio]   ❌ 组3 点击/翻牌粒子自动清理（残留 1）
[audio]   ✅ 全程零 JS 报错
[audio] ❌ 1 条断言失败
