[egg-react]   ✅ lobby: DOM react rain still delivered to peer 
[egg-react]   ✅ each player starts with 1 egg {"a":"1","b":1}
[egg-react]   ✅ game: reaction becomes 3D bubble above sender char 
[egg-react]   ✅ game: no DOM rain spawned in three3d 
[egg-react]   ✅ paintVoice hook feeds RMS into 3D char voice 1
[egg-react]   ✅ speaking spawns expanding voice waves + green body glow {"waves":1,"nod":0.093,"glow":0.172}
[egg-react]   ✅ head nods while speaking {"waves":1,"nod":0.093,"glow":0.172}
[egg-react]   ✅ voice waves stop after speaking ends 
[egg-react]   ✅ egg aim mode armed 
[egg-react]   ✅ thrower sees 3D egg in flight {"eggs":1,"aim":false,"left":"0"}
[egg-react]   ✅ aim disarmed and egg count 0 after throw {"eggs":1,"aim":false,"left":"0"}
[egg-react]   ✅ target also sees incoming egg (toward own camera) 
[egg-react]   ✅ shell burst at impact (onlooker view) 
[egg-react]   ✅ target screen gets egg splat overlay 
[egg-react]   ✅ splat has blob+yolk 
[egg-react]   ✅ face splat stuck on target char (onlooker view) 
[egg-react]   ✅ splat cleans itself up (~5s) 
[egg-react]   ✅ face splat on target char fades out (~4.5s) 
[egg-react]   ✅ target's own eggs unaffected "1"
[egg-react]   ✅ 0 eggs throw is blocked with toast {"left":"0","toast":"鸡蛋用完了，完成挑战赢一颗"}
[egg-react]   ✅ deck shuffle starts on draw 
[egg-react]   ✅ deck shuffle finishes and hands off to fly 
[egg-react]   ✅ pass card replays re-deal: card left table and returned to rest {"phases":["shown","reback","refly","fly","flip","shown"],"wentToDeck":true,"backToRest":true}
[egg-react]   ✅ re-deal settles back to shown ["shown","shown","shown","shown"]
[egg-react]   ✅ re-deal actually re-flies: card settles at table rest (not hijacked at deck) {"flyAfterRefly":true,"cardEnd":{"x":0,"z":0.32}}
[egg-react]   ✅ passes decremented once [2,1]
[egg-react]   ✅ egg aim armed in revealed stage 
[egg-react]   ✅ chooser char on screen in revealed close-up {"x":244,"y":120,"vis":true}
[egg-react]   ✅ clicking 3D char body throws in revealed stage (raycast path) 1
[egg-react]   ✅ target gets splat from body-click throw 
[egg-react]   ✅ winner gains +1 egg on accept [{"eggs":"0","p":0},{"eggs":"1","p":1}]
[egg-react] no page errors ✅
[egg-react] ALL EGG/REACT CHECKS PASSED ✅
