[fun]   ✅ 组0 双人入房 OK（房间 5N76M）
[fun]   ✅ 组1 大厅显示表情浮标 #react-bar
[fun]   ✅ 组1 点浮标展开表情图标（6 颗）
[fun]   ✅ 组1 表情按钮用 emoji 渲染（👏😂😱🔥😈❤️）
[fun]   ✅ 组1 本机立刻出现表情（1 个）
[fun]   ✅ 组1 另一标签页 ~3s 内收到表情（房间广播）
[fun]   ✅ 组1 防刷屏生效（连点 3 次，对端新增 2 ≤ 2）
[fun]   ✅ 组1 非法表情被白名单拒绝（无额外粒子）
[fun]   ✅ 组1 表情粒子自动清理（残留 0）
[fun]   ✅ 组2 音效关闭并持久化（{"on":false,"ls":"off","label":"🔇 已静音"}）
[fun]   ✅ 组2 音效重新打开
[fun]   ✅ 组2 SFX 播放不抛错（true）
[fun]   ✅ 组3 阿泽是主持人
[fun]   ✅ 组3 加倍入口只对持麦人可见（A=true, B=false）
[fun]   ✅ 组3 加倍同步到对端（S.turn.stake=2）
[fun]   ✅ 组3 提示文案已更新（"🔥 加倍挑战已开启：完成 +20 / 跳过 −10"）
[fun]   ✅ 组3 揭晓页展示加倍（{"badge":true,"accept":"完成啦 ✅ +20"}）
[fun]   ✅ 组3 加倍得分 +20 且回合结束后 stake 复位为 1
[fun]   ✅ 组3 连击计数 ×1（1）
[fun]   ✅ 组4 连击 ×2、分数 20+10=30（连击不改分）
[fun]   ✅ 组4 头像挂上 🔥×2 连击徽章
[fun]   ✅ 组4 连击徽章同步到对端
[fun]   ✅ 组5 跳过后 combo=0、分数 30-5=25
[fun]   ✅ 组5 徽章消失
[fun]   ✅ 组6 限时 15 秒同步到对端
[fun]   ✅ 组6 倒计时在走（"⏱ 还剩 9 秒" → "⏱ 还剩 6 秒"）
[fun]   ✅ 组6 到点显示超时且不自动跳过（stage 仍 revealed、不扣分）
[fun]   ✅ 组7 转盘结束停在新玩家（非主持人、非原持麦人）
[fun]      转盘光点动画：观测到
[fun]   ✅ 组8 押注面板只给旁观者（A=true, 持麦人 B=false）
[fun]   ✅ 组8 押注同步到对端（S.turn.bets[A]=accept）
[fun]   ✅ 组8 再点一次可取消押注
[fun]   ✅ 组8 押中 +5（25 → 30），结算后押注清空
[fun]   ✅ 组8 全场看到「押注结算」播报
[fun]   ✅ 组8 押错 −3（30 → 27）
[fun]   ✅ 组8 计分关闭时不出押注面板
[fun]   ✅ 组9 同题同 seq 推导确定（null）
[fun]   ✅ 组9 触发率落在 1/5 区间（400 次命中 76）
[fun]   ✅ 组9 金卡上色与推导一致（两端）
[fun]   ✅ 组9 主持关闭后不再开出惊喜卡（200 次命中 0）
[fun]   ✅ 全程零 JS 报错
[fun] 
✅ 趣味互动全部通过
