
―― 844×390 join ――
      joinBox: [23.6,37.8 → 437.5] 609.5x399.8 fitsV=false fitsH=true
      grpAvatar: [388.8,48.6 → 341.9] 229.2x293.3 fitsV=true fitsH=true innerScroll=487/298
      btnJoin: [38.6,280 → 321.2] 336.6x41.2 fitsV=true fitsH=true
      importWrap: [642,54.9 → 114.3] 184.8x59.4 fitsV=true fitsH=true
      btnLand: [0,0 → 0] 0x0 fitsV=true fitsH=true 
  landui=true lvw=844px lvh=390px hOverflow=false
PASS · 844 join: 真横屏自动进横屏布局（landui + 逻辑尺寸 844/390）
PASS · 844 join: 无横向溢出
PASS · 844 join: 加入按钮在首屏内
PASS · 844 join: 头像墙在首屏内
PASS · 844 join: 真横屏下不显示横屏切换按钮
PASS · 844 join: 加入按钮可点

―― 844×390 lobby ――
      share: [23,63.5 → 195] 369.9x131.6 fitsV=true fitsH=true
      players: [406.5,88.3 → 193.6] 419.2x105.3 fitsV=true fitsH=true innerScroll=136/107
      btnStart: [21.9,329.9 → 368.4] 113.5x38.5 fitsV=true fitsH=true
      tools: [143,339 → 367.4] 683.8x28.4 fitsV=true fitsH=true 
  hOverflow=false
PASS · 844 lobby: 无横向溢出
PASS · 844 lobby: 开始按钮在首屏内
PASS · 844 lobby: 玩家墙在首屏内
PASS · 844 lobby: 工具栏最后一颗按钮可点（退出房间）
PASS · 844 lobby 互动浮窗: 浮标不压任何可点的控件
PASS · 844 lobby 互动浮窗: 展开的 6 颗图标全在屏内且不压控件
PASS · 844 lobby 表情包: 六颗按钮就是六个 emoji（文本与 data-react 一致、渲染尺寸正常）
PASS · 844 lobby 表情包: 浮标用 emoji 且可渲染
PASS · 844 lobby: Esc 收起互动浮窗

―― 844×390 game(choosing) ――
      ring: [14.5,124.9 → 361] 405.5x236.1 fitsV=true fitsH=true
      truth: [518.1,158.2 → 285.3] 111.7x127.2 fitsV=true fitsH=true
      dare: [632.1,158.3 → 285.2] 115.9x126.9 fitsV=true fitsH=true
      tools: [16.9,355 → 382] 810.2x27 fitsV=true fitsH=true 
  hOverflow=false
PASS · 844 game: 无横向溢出
PASS · 844 game: 座次环完整在首屏内
PASS · 844 game: 真心话/大冒险双卡完整可见
PASS · 844 game: 选卡 3D 命中自身（布局改动没吃掉点击）
PASS · 844 game: 工具栏最后一颗按钮可点（退出房间）
PASS · 844 game: 主持人专属按钮可点（结算）
PASS · 844 game: 工具栏为可横滑条（超出宽度 ≤ 3vw）
PASS · 844 game 互动浮窗: 浮标不压任何可点的控件
PASS · 844 game 互动浮窗: 展开的 6 颗图标全在屏内且不压控件

―― 844×390 设置弹层 ――
      box: [42,8 → 382] 760x374 fitsV=true fitsH=true innerScroll=655/372
PASS · 844 弹层: 设置面板整体在屏内（内容内部滚动）

―― 844×390 revealed ――
      card: [0,0 → 0] 0x0 fitsV=true fitsH=true
      front: [0,0 → 0] 0x0 fitsV=true fitsH=true
      accept: [305.3,266 → 309] 107.7x43 fitsV=true fitsH=true
      skip: [423.1,266 → 309] 115.6x43 fitsV=true fitsH=true
      bet: [0,0 → 0] 0x0 fitsV=true fitsH=true 
  hOverflow=false
PASS · 844 revealed: 无横向溢出
PASS · 844 revealed: 完成/跳过按钮完整可见
PASS · 844 revealed: 牌面内容卡内滚动 ≤ 60px
PASS · 844 revealed: 动作按钮在牌面内部（长题也不被推出卡外）
PASS · 844 revealed: 旁观者押注面板在屏内

―― 844×390 result ――
      box: [489.2,55.9 → 371.3] 806.4x315.4 fitsV=true fitsH=false
      podium: [508,101.4 → 262.7] 367x161.3 fitsV=true fitsH=false innerScroll=168/164
      list: [888.5,100.7 → 300.3] 386.9x199.6 fitsV=true fitsH=false
      rematch: [751.6,307.2 → 354.9] 143.4x47.7 fitsV=true fitsH=false
      lobby: [904.2,305.9 → 355.5] 129.8x49.6 fitsV=true fitsH=false 
  hOverflow=false
PASS · 844 result: 无横向溢出
PASS · 844 result: 颁奖台与战绩榜在首屏内
PASS · 844 result: 再来一局/回大厅按钮在首屏内

―― 740×360 join ――
      btnJoin: [36.7,279.9 → 320.9] 277.5x41.1 fitsV=true fitsH=true
      grpAvatar: [327.8,48.5 → 311.9] 186.7x263.4 fitsV=true fitsH=true innerScroll=699/268 
  hOverflow=false appScroll=450/360
PASS · 740 join: 无横向溢出
PASS · 740 join: 加入按钮在首屏内可点
PASS · 740 join: 头像墙在首屏内
PASS · 740 三人局: 玩家墙/开始按钮/工具栏都在首屏内
  三人局座次环: {"n":3,"worst":{"l":0,"t":-55.401954650878906,"r":341.18359184265137,"b":15.278228759765625},"gridBottom":313.2422180175781,"vh":360,"tools":0,"toolsShown":false,"fab":{"x":680,"y":300,"r":728,"b":348},"iw":740,"cardAbs":[{"l":323.1265563964844,"t":142.98556518554688,"r":411.8927917480469,"b":328.52044677734375},{"l":625.0894165039062,"t":48.907615661621094,"r":706.1688842773438,"b":210.8403549194336},{"l":32.60395431518555,"t":50.432281494140625,"r":112.11213302612305,"b":210.7620086669922}]}
PASS · 740 三人局: 玩家卡不越出座次环（three3d 投影名牌：全部在视口内 ≤24px 出血）
PASS · 740 三人局: 前排卡不顶到工具栏（面板收起=不压 🧰 浮标）
PASS · 740 三人局: 座次环与工具浮标都在屏内

―― 390×844 竖屏（未切换）――
      btnLand: [346.2,8 → 33.5] 35.8x25.5 fitsV=true fitsH=true
      btnJoin: [35.3,783.2 → 841.9] 321.4x58.7 fitsV=true fitsH=true
      box: [16,117.3 → 1033.5] 360.5x916.1 fitsV=false fitsH=true
PASS · 竖屏: 不进横屏布局（旧竖屏布局不受影响）
PASS · 竖屏: 横屏切换按钮可见
PASS · 竖屏: 逻辑尺寸变量为空（不干预旧布局）

―― 390×844 手动横屏（旋转兜底）――
      btnLand: [769.1,8.2 → 33.8] 62.9x25.5 fitsV=true fitsH=true
      btnJoin: [42.2,278.7 → 320.7] 333.1x42.1 fitsV=true fitsH=true
      box: [27.9,37.3 → 437.8] 605.2x400.5 fitsV=false fitsH=true
      name: [42.1,99.9 → 134.2] 333.2x34.2 fitsV=true fitsH=true 
  landui=true landforce=true lvw=844px lvh=390px bodyBB=390x844 hOverflow=false
PASS · 手动横屏: landforce + landui 双类生效
PASS · 手动横屏: 逻辑尺寸互换（--lvw=844px / --lvh=390px）
PASS · 手动横屏: body 旋转后铺满物理视口（390×844）
PASS · 手动横屏: 无横向溢出
PASS · 手动横屏: 加入按钮在首屏内
PASS · 手动横屏: 旋转坐标系里命中测试正常（输入框可点）
PASS · 手动横屏: 加入按钮可点
PASS · 切回竖屏: landforce/landui 都已摘除
PASS · 切回竖屏: 物理尺寸复原（--lvw/--lvh 已清）
PASS · 390 lobby 互动浮窗: 浮标不压任何可点的控件
PASS · 390 lobby 互动浮窗: 展开的 6 颗图标全在屏内且不压控件
PASS · PC 1440×900: 大厅无横向溢出（文档宽 = 视口宽）
PASS · PC 1440×900: 开始按钮在首屏内
PASS · PC 1440×900 lobby 互动浮窗: 浮标不压任何可点的控件
PASS · PC 1440×900 lobby 互动浮窗: 展开的 6 颗图标全在屏内且不压控件
PASS · PC 1440×900 表情包: 六颗按钮就是六个 emoji（文本与 data-react 一致、渲染尺寸正常）
PASS · PC 1440×900 表情包: 浮标用 emoji 且可渲染
PASS · PC 1440×900: 牌桌无横向溢出
PASS · PC 1440×900: 选卡可见
PASS · PC 1440×900 game 互动浮窗: 浮标不压任何可点的控件
PASS · PC 1440×900 game 互动浮窗: 展开的 6 颗图标全在屏内且不压控件
PASS · PC 1440×900: 揭晓页无横向溢出且完成/跳过可见
PASS · PC 1280×800: 大厅无横向溢出（文档宽 = 视口宽）
PASS · PC 1280×800: 开始按钮在首屏内
PASS · PC 1280×800 lobby 互动浮窗: 浮标不压任何可点的控件
PASS · PC 1280×800 lobby 互动浮窗: 展开的 6 颗图标全在屏内且不压控件
PASS · PC 1280×800 表情包: 六颗按钮就是六个 emoji（文本与 data-react 一致、渲染尺寸正常）
PASS · PC 1280×800 表情包: 浮标用 emoji 且可渲染
PASS · PC 1280×800: 牌桌无横向溢出
PASS · PC 1280×800: 选卡可见
PASS · PC 1280×800 game 互动浮窗: 浮标不压任何可点的控件
PASS · PC 1280×800 game 互动浮窗: 展开的 6 颗图标全在屏内且不压控件
PASS · PC 1280×800: 揭晓页无横向溢出且完成/跳过可见
PASS · 平板 1024×768: 大厅无横向溢出（文档宽 = 视口宽）
PASS · 平板 1024×768: 开始按钮在首屏内
PASS · 平板 1024×768 lobby 互动浮窗: 浮标不压任何可点的控件
PASS · 平板 1024×768 lobby 互动浮窗: 展开的 6 颗图标全在屏内且不压控件
PASS · 平板 1024×768 表情包: 六颗按钮就是六个 emoji（文本与 data-react 一致、渲染尺寸正常）
PASS · 平板 1024×768 表情包: 浮标用 emoji 且可渲染
PASS · 平板 1024×768: 牌桌无横向溢出
PASS · 平板 1024×768: 选卡可见
PASS · 平板 1024×768 game 互动浮窗: 浮标不压任何可点的控件
PASS · 平板 1024×768 game 互动浮窗: 展开的 6 颗图标全在屏内且不压控件
PASS · 平板 1024×768: 揭晓页无横向溢出且完成/跳过可见
PASS · 全程零 JS 报错（pageerror / console.error）

== 88 passed, 0 failed ==
