PASS · [1440x900] 对手无一遮挡（脸=圆，圆心距 ≥ 半径和×0.92；包围盒角碰不算压脸）
PASS · [1440x900] 背影不压任何对手的脸/名牌
PASS · [1440x900] 远座卡宽 ≥64px（6-7 人档；8+ 人允许分层缩一档）
PASS · [1440x900] 工具栏按钮全部可点（elementFromPoint 命中）
PASS · [1440x900] 抽卡阶段座次环在画
PASS · [1440x900] 揭晓桌子完整（环高与选卡档一致，不再压缩）
PASS · [1440x900] 揭晓 3D 出卡（卡系统在场 + 画布全屏 + 人物齐）
PASS · [1440x900] 全程零 pageerror
PASS · [1280x800] 对手无一遮挡（脸=圆，圆心距 ≥ 半径和×0.92；包围盒角碰不算压脸）
PASS · [1280x800] 背影不压任何对手的脸/名牌
PASS · [1280x800] 远座卡宽 ≥64px（6-7 人档；8+ 人允许分层缩一档）
PASS · [1280x800] 工具栏按钮全部可点（elementFromPoint 命中）
PASS · [1280x800] 抽卡阶段座次环在画
PASS · [1280x800] 揭晓桌子完整（环高与选卡档一致，不再压缩）
PASS · [1280x800] 揭晓 3D 出卡（卡系统在场 + 画布全屏 + 人物齐）
PASS · [1280x800] 全程零 pageerror
PASS · [1024x768] 对手无一遮挡（脸=圆，圆心距 ≥ 半径和×0.92；包围盒角碰不算压脸）
PASS · [1024x768] 背影不压任何对手的脸/名牌
PASS · [1024x768] 远座卡宽 ≥64px（6-7 人档；8+ 人允许分层缩一档）
PASS · [1024x768] 工具栏按钮全部可点（elementFromPoint 命中）
PASS · [1024x768] 抽卡阶段座次环在画
PASS · [1024x768] 揭晓桌子完整（环高与选卡档一致，不再压缩）
PASS · [1024x768] 揭晓 3D 出卡（卡系统在场 + 画布全屏 + 人物齐）
PASS · [1024x768] 全程零 pageerror
PASS · [390x844] 对手无一遮挡（脸=圆，圆心距 ≥ 半径和×0.92；包围盒角碰不算压脸）
PASS · [390x844] 背影不压任何对手的脸/名牌
PASS · [390x844] 竖屏选卡不滚动（最后按钮底 ≤ vh 且 scrollHeight ≤ vh+40）
PASS · [390x844] 竖屏工具 FAB 在屏内且可点
PASS · [390x844] 竖屏工具面板点开全量展示（无横滚、全部在屏内且可点）
PASS · [390x844] 抽卡阶段座次环在画
PASS · [390x844] 揭晓桌子完整（环高与选卡档一致，不再压缩）
PASS · [390x844] 揭晓 3D 出卡（卡系统在场 + 画布全屏 + 人物齐）
PASS · [390x844] 揭晓轻微滚动可达（scrollHeight ≤ vh+150 且最后按钮底 ≤ scrollH）
PASS · [390x844] 竖屏揭晓「完成啦」按钮可见（ ≤ vh）
PASS · [390x844] 交接不滚动（最后按钮底 ≤ vh 且 scrollHeight ≤ vh+40）
PASS · [390x844] 全程零 pageerror
PASS · [844x390] 对手无一遮挡（脸=圆，圆心距 ≥ 半径和×0.92；包围盒角碰不算压脸）
PASS · [844x390] 背影不压任何对手的脸/名牌
PASS · [844x390] 工具栏按钮全部可点（elementFromPoint 命中）
PASS · [844x390] 抽卡阶段座次环在画
PASS · [844x390] 揭晓桌子完整（环高与选卡档一致，不再压缩）
PASS · [844x390] 揭晓 3D 出卡（卡系统在场 + 画布全屏 + 人物齐）
PASS · [844x390] 全程零 pageerror

断言合计 43：PASS 43 / FAIL 0
THIRD-PERSON ACCEPTANCE MATRIX PASSED ✅
